nohup: no se tendrá en cuenta la entrada
> Task :compileJava UP-TO-DATE
> Task :processResources UP-TO-DATE
> Task :classes UP-TO-DATE
> Task :resolveMainClassName UP-TO-DATE

> Task :bootRun
19:50:51,563 |-WARN in ch.qos.logback.core.model.processor.AppenderModelHandler - Appender named [jsonConsole] not referenced. Skipping further processing.
2025-10-23 19:50:51.622 [main] INFO  o.l.s.l.LokiIntegrationApplication - Starting LokiIntegrationApplication using Java 21.0.8 with PID 63179 (/home/labcabrera/repositories/github/sample-spring-boot-loki-integration/sample-loki-api/build/classes/java/main started by labcabrera in /home/labcabrera/repositories/github/sample-spring-boot-loki-integration/sample-loki-api)
2025-10-23 19:50:51.622 [main] DEBUG o.l.s.l.LokiIntegrationApplication - Running with Spring Boot v3.5.6, Spring v6.2.11
2025-10-23 19:50:51.623 [main] INFO  o.l.s.l.LokiIntegrationApplication - No active profile set, falling back to 1 default profile: "default"
2025-10-23 19:50:51.671 [main] WARN  o.s.c.a.AnnotationTypeMapping - Support for convention-based annotation attribute overrides is deprecated and will be removed in Spring Framework 7.0. Please annotate the following attributes in @org.axonframework.eventhandling.EventHandler with appropriate @AliasFor declarations: [payloadType]
2025-10-23 19:50:51.677 [main] WARN  o.s.c.a.AnnotationTypeMapping - Support for convention-based annotation attribute overrides is deprecated and will be removed in Spring Framework 7.0. Please annotate the following attributes in @org.axonframework.spring.stereotype.Aggregate with appropriate @AliasFor declarations: [type]
2025-10-23 19:50:51.678 [main] WARN  o.s.c.a.AnnotationTypeMapping - Support for convention-based annotation attribute overrides is deprecated and will be removed in Spring Framework 7.0. Please annotate the following attributes in @org.axonframework.eventsourcing.EventSourcingHandler with appropriate @AliasFor declarations: [payloadType]
2025-10-23 19:50:51.678 [main] WARN  o.s.c.a.AnnotationTypeMapping - Support for convention-based annotation attribute overrides is deprecated and will be removed in Spring Framework 7.0. Please annotate the following attributes in @org.axonframework.eventsourcing.EventSourcingHandler with appropriate @AliasFor declarations: [payloadType]
2025-10-23 19:50:52.219 [main] INFO  o.a.s.a.XStreamAutoConfiguration - Initializing an XStream instance since none was found. The auto configuration base packages will be used as wildcards for the XStream security settings.
2025-10-23 19:50:52.286 [main] INFO  o.a.s.u.XStreamSecurityTypeUtility - Constructing wildcard type for base package [org.labcabrera.sample.loki].
2025-10-23 19:50:52.288 [main] INFO  o.a.serialization.ChainingConverter - ContentTypeConverter of type [class org.axonframework.serialization.xml.Dom4JToByteArrayConverter] is ignored. It seems to rely on a class that is not available in the class loader: org/dom4j/Document
2025-10-23 19:50:52.288 [main] INFO  o.a.serialization.ChainingConverter - ContentTypeConverter of type [class org.axonframework.serialization.xml.InputStreamToDom4jConverter] is ignored. It seems to rely on a class that is not available in the class loader: org/dom4j/Document
2025-10-23 19:50:52.289 [main] INFO  o.a.serialization.ChainingConverter - ContentTypeConverter of type [class org.axonframework.serialization.xml.XomToStringConverter] is ignored. It seems to rely on a class that is not available in the class loader: nu/xom/Document
2025-10-23 19:50:52.289 [main] INFO  o.a.serialization.ChainingConverter - ContentTypeConverter of type [class org.axonframework.serialization.xml.InputStreamToXomConverter] is ignored. It seems to rely on a class that is not available in the class loader: nu/xom/ParsingException
2025-10-23 19:50:52.449 [main] INFO  o.s.b.a.e.web.EndpointLinksResolver - Exposing 4 endpoints beneath base path '/actuator'
2025-10-23 19:50:52.629 [main] INFO  o.s.b.w.e.netty.NettyWebServer - Netty started on port 8081 (http)
2025-10-23 19:50:52.709 [main] INFO  i.a.a.c.i.AxonServerManagedChannel - Requesting connection details from localhost:8124
2025-10-23 19:50:52.757 [main] WARN  i.a.a.c.i.AxonServerManagedChannel - Connecting to AxonServer node [localhost:8124] failed.
io.grpc.StatusRuntimeException: UNAVAILABLE: io exception
	at io.grpc.stub.ClientCalls.toStatusRuntimeException(ClientCalls.java:271)
	at io.grpc.stub.ClientCalls.getUnchecked(ClientCalls.java:252)
	at io.grpc.stub.ClientCalls.blockingUnaryCall(ClientCalls.java:165)
	at io.axoniq.axonserver.grpc.control.PlatformServiceGrpc$PlatformServiceBlockingStub.getPlatformServer(PlatformServiceGrpc.java:250)
	at io.axoniq.axonserver.connector.impl.AxonServerManagedChannel.connectChannel(AxonServerManagedChannel.java:115)
	at io.axoniq.axonserver.connector.impl.AxonServerManagedChannel.createConnection(AxonServerManagedChannel.java:335)
	at io.axoniq.axonserver.connector.impl.AxonServerManagedChannel.ensureConnected(AxonServerManagedChannel.java:300)
	at io.axoniq.axonserver.connector.impl.AxonServerManagedChannel.getState(AxonServerManagedChannel.java:227)
	at io.axoniq.axonserver.connector.impl.ContextConnection.ensureConnected(ContextConnection.java:221)
	at io.axoniq.axonserver.connector.impl.ContextConnection.connect(ContextConnection.java:158)
	at io.axoniq.axonserver.connector.AxonServerConnectionFactory.connect(AxonServerConnectionFactory.java:166)
	at org.axonframework.axonserver.connector.AxonServerConnectionManager.createConnection(AxonServerConnectionManager.java:130)
	at java.base/java.util.concurrent.ConcurrentHashMap.computeIfAbsent(ConcurrentHashMap.java:1708)
	at org.axonframework.axonserver.connector.AxonServerConnectionManager.getConnection(AxonServerConnectionManager.java:126)
	at org.axonframework.axonserver.connector.command.AxonServerCommandBus.subscribe(AxonServerCommandBus.java:213)
	at org.axonframework.modelling.command.AggregateAnnotationCommandHandler.lambda$null$0(AggregateAnnotationCommandHandler.java:138)
	at java.base/java.util.stream.ReferencePipeline$3$1.accept(ReferencePipeline.java:197)
	at java.base/java.util.HashMap$KeySpliterator.forEachRemaining(HashMap.java:1715)
	at java.base/java.util.stream.AbstractPipeline.copyInto(AbstractPipeline.java:509)
	at java.base/java.util.stream.AbstractPipeline.wrapAndCopyInto(AbstractPipeline.java:499)
	at java.base/java.util.stream.ForEachOps$ForEachOp.evaluateSequential(ForEachOps.java:151)
	at java.base/java.util.stream.ForEachOps$ForEachOp$OfRef.evaluateSequential(ForEachOps.java:174)
	at java.base/java.util.stream.AbstractPipeline.evaluate(AbstractPipeline.java:234)
	at java.base/java.util.stream.ReferencePipeline.forEach(ReferencePipeline.java:596)
	at java.base/java.util.stream.ReferencePipeline$7$1.accept(ReferencePipeline.java:276)
	at java.base/java.util.HashMap$EntrySpliterator.forEachRemaining(HashMap.java:1858)
	at java.base/java.util.stream.AbstractPipeline.copyInto(AbstractPipeline.java:509)
	at java.base/java.util.stream.AbstractPipeline.wrapAndCopyInto(AbstractPipeline.java:499)
	at java.base/java.util.stream.ReduceOps$ReduceOp.evaluateSequential(ReduceOps.java:921)
	at java.base/java.util.stream.AbstractPipeline.evaluate(AbstractPipeline.java:234)
	at java.base/java.util.stream.ReferencePipeline.collect(ReferencePipeline.java:682)
	at org.axonframework.modelling.command.AggregateAnnotationCommandHandler.subscribe(AggregateAnnotationCommandHandler.java:141)
	at org.axonframework.config.AggregateConfigurer.lambda$initialize$34(AggregateConfigurer.java:453)
	at org.axonframework.config.LifecycleOperations.lambda$onStart$0(LifecycleOperations.java:62)
	at java.base/java.util.stream.ReferencePipeline$3$1.accept(ReferencePipeline.java:197)
	at java.base/java.util.Spliterators$ArraySpliterator.forEachRemaining(Spliterators.java:1024)
	at java.base/java.util.stream.AbstractPipeline.copyInto(AbstractPipeline.java:509)
	at java.base/java.util.stream.AbstractPipeline.wrapAndCopyInto(AbstractPipeline.java:499)
	at java.base/java.util.stream.ReduceOps$ReduceOp.evaluateSequential(ReduceOps.java:921)
	at java.base/java.util.stream.AbstractPipeline.evaluate(AbstractPipeline.java:234)
	at java.base/java.util.stream.ReferencePipeline.reduce(ReferencePipeline.java:662)
	at org.axonframework.config.DefaultConfigurer.invokeLifecycleHandlers(DefaultConfigurer.java:883)
	at org.axonframework.config.DefaultConfigurer.invokeStartHandlers(DefaultConfigurer.java:829)
	at org.axonframework.config.DefaultConfigurer$ConfigurationImpl.start(DefaultConfigurer.java:980)
	at org.axonframework.spring.config.SpringAxonConfiguration.start(SpringAxonConfiguration.java:76)
	at org.springframework.context.support.DefaultLifecycleProcessor.doStart(DefaultLifecycleProcessor.java:405)
	at org.springframework.context.support.DefaultLifecycleProcessor.doStart(DefaultLifecycleProcessor.java:394)
	at org.springframework.context.support.DefaultLifecycleProcessor$LifecycleGroup.start(DefaultLifecycleProcessor.java:586)
	at java.base/java.lang.Iterable.forEach(Iterable.java:75)
	at org.springframework.context.support.DefaultLifecycleProcessor.startBeans(DefaultLifecycleProcessor.java:364)
	at org.springframework.context.support.DefaultLifecycleProcessor.onRefresh(DefaultLifecycleProcessor.java:310)
	at org.springframework.context.support.AbstractApplicationContext.finishRefresh(AbstractApplicationContext.java:1006)
	at org.springframework.context.support.AbstractApplicationContext.refresh(AbstractApplicationContext.java:630)
	at org.springframework.boot.web.reactive.context.ReactiveWebServerApplicationContext.refresh(ReactiveWebServerApplicationContext.java:66)
	at org.springframework.boot.SpringApplication.refresh(SpringApplication.java:752)
	at org.springframework.boot.SpringApplication.refreshContext(SpringApplication.java:439)
	at org.springframework.boot.SpringApplication.run(SpringApplication.java:318)
	at org.springframework.boot.SpringApplication.run(SpringApplication.java:1361)
	at org.springframework.boot.SpringApplication.run(SpringApplication.java:1350)
	at org.labcabrera.sample.loki.LokiIntegrationApplication.main(LokiIntegrationApplication.java:10)
Caused by: io.netty.channel.AbstractChannel$AnnotatedConnectException: finishConnect(..) failed: Conexión rehusada: localhost/[0:0:0:0:0:0:0:1]:8124
Caused by: java.net.ConnectException: finishConnect(..) failed: Conexión rehusada
	at io.netty.channel.unix.Errors.newConnectException0(Errors.java:166)
	at io.netty.channel.unix.Errors.handleConnectErrno(Errors.java:131)
	at io.netty.channel.unix.Socket.finishConnect(Socket.java:359)
	at io.netty.channel.epoll.AbstractEpollChannel$AbstractEpollUnsafe.doFinishConnect(AbstractEpollChannel.java:715)
	at io.netty.channel.epoll.AbstractEpollChannel$AbstractEpollUnsafe.finishConnect(AbstractEpollChannel.java:692)
	at io.netty.channel.epoll.AbstractEpollChannel$AbstractEpollUnsafe.epollOutReady(AbstractEpollChannel.java:567)
	at io.netty.channel.epoll.EpollEventLoop.processReady(EpollEventLoop.java:491)
	at io.netty.channel.epoll.EpollEventLoop.run(EpollEventLoop.java:399)
	at io.netty.util.concurrent.SingleThreadEventExecutor$4.run(SingleThreadEventExecutor.java:998)
	at io.netty.util.internal.ThreadExecutorMap$2.run(ThreadExecutorMap.java:74)
	at io.netty.util.concurrent.FastThreadLocalRunnable.run(FastThreadLocalRunnable.java:30)
	at java.base/java.lang.Thread.run(Thread.java:1583)
2025-10-23 19:50:52.758 [main] INFO  i.a.a.c.i.AxonServerManagedChannel - Failed to get connection to AxonServer. Scheduling a reconnect in 2000ms
2025-10-23 19:50:52.765 [main] INFO  i.a.a.c.c.impl.CommandChannelImpl - CommandChannel for context 'default' connected, 0 command handlers registered
2025-10-23 19:50:52.770 [main] INFO  i.a.a.c.c.impl.CommandChannelImpl - Registered handler for command 'org.labcabrera.sample.loki.domain.player.command.CreatePlayerCommand' in context 'default'
2025-10-23 19:50:52.785 [main] INFO  i.a.a.c.query.impl.QueryChannelImpl - Error on QueryChannel for context default
io.grpc.StatusRuntimeException: UNAVAILABLE
	at io.grpc.Status.asRuntimeException(Status.java:539)
	at io.grpc.stub.ClientCalls$StreamObserverToCallListenerAdapter.onClose(ClientCalls.java:487)
	at io.axoniq.axonserver.connector.impl.AxonServerManagedChannel$FailingCall.start(AxonServerManagedChannel.java:413)
	at io.grpc.stub.ClientCalls.startCall(ClientCalls.java:341)
	at io.grpc.stub.ClientCalls.asyncStreamingRequestCall(ClientCalls.java:332)
	at io.grpc.stub.ClientCalls.asyncBidiStreamingCall(ClientCalls.java:119)
	at io.axoniq.axonserver.grpc.query.QueryServiceGrpc$QueryServiceStub.openStream(QueryServiceGrpc.java:244)
	at io.axoniq.axonserver.connector.query.impl.QueryChannelImpl.doConnectQueryStream(QueryChannelImpl.java:247)
	at io.axoniq.axonserver.connector.query.impl.QueryChannelImpl.registerQueryHandler(QueryChannelImpl.java:306)
	at org.axonframework.axonserver.connector.query.AxonServerQueryBus.subscribe(AxonServerQueryBus.java:244)
	at org.axonframework.queryhandling.annotation.AnnotationQueryHandlerAdapter.lambda$subscribe$1(AnnotationQueryHandlerAdapter.java:96)
	at java.base/java.util.stream.ReferencePipeline$3$1.accept(ReferencePipeline.java:197)
	at java.base/java.util.stream.ReferencePipeline$3$1.accept(ReferencePipeline.java:197)
	at java.base/java.util.stream.ReferencePipeline$2$1.accept(ReferencePipeline.java:179)
	at java.base/java.util.stream.ReferencePipeline$3$1.accept(ReferencePipeline.java:197)
	at java.base/java.util.TreeMap$KeySpliterator.forEachRemaining(TreeMap.java:3099)
	at java.base/java.util.stream.AbstractPipeline.copyInto(AbstractPipeline.java:509)
	at java.base/java.util.stream.AbstractPipeline.wrapAndCopyInto(AbstractPipeline.java:499)
	at java.base/java.util.stream.ReduceOps$ReduceOp.evaluateSequential(ReduceOps.java:921)
	at java.base/java.util.stream.AbstractPipeline.evaluate(AbstractPipeline.java:234)
	at java.base/java.util.stream.ReferencePipeline.collect(ReferencePipeline.java:682)
	at org.axonframework.queryhandling.annotation.AnnotationQueryHandlerAdapter.subscribe(AnnotationQueryHandlerAdapter.java:101)
	at org.axonframework.config.DefaultConfigurer.lambda$null$36(DefaultConfigurer.java:693)
	at org.axonframework.config.MessageHandlerRegistrar.start(MessageHandlerRegistrar.java:90)
	at org.axonframework.lifecycle.Lifecycle$LifecycleRegistry.lambda$onStart$0(Lifecycle.java:68)
	at java.base/java.util.stream.ReferencePipeline$3$1.accept(ReferencePipeline.java:197)
	at java.base/java.util.Spliterators$ArraySpliterator.forEachRemaining(Spliterators.java:1024)
	at java.base/java.util.stream.AbstractPipeline.copyInto(AbstractPipeline.java:509)
	at java.base/java.util.stream.AbstractPipeline.wrapAndCopyInto(AbstractPipeline.java:499)
	at java.base/java.util.stream.ReduceOps$ReduceOp.evaluateSequential(ReduceOps.java:921)
	at java.base/java.util.stream.AbstractPipeline.evaluate(AbstractPipeline.java:234)
	at java.base/java.util.stream.ReferencePipeline.reduce(ReferencePipeline.java:662)
	at org.axonframework.config.DefaultConfigurer.invokeLifecycleHandlers(DefaultConfigurer.java:883)
	at org.axonframework.config.DefaultConfigurer.invokeStartHandlers(DefaultConfigurer.java:829)
	at org.axonframework.config.DefaultConfigurer$ConfigurationImpl.start(DefaultConfigurer.java:980)
	at org.axonframework.spring.config.SpringAxonConfiguration.start(SpringAxonConfiguration.java:76)
	at org.springframework.context.support.DefaultLifecycleProcessor.doStart(DefaultLifecycleProcessor.java:405)
	at org.springframework.context.support.DefaultLifecycleProcessor.doStart(DefaultLifecycleProcessor.java:394)
	at org.springframework.context.support.DefaultLifecycleProcessor$LifecycleGroup.start(DefaultLifecycleProcessor.java:586)
	at java.base/java.lang.Iterable.forEach(Iterable.java:75)
	at org.springframework.context.support.DefaultLifecycleProcessor.startBeans(DefaultLifecycleProcessor.java:364)
	at org.springframework.context.support.DefaultLifecycleProcessor.onRefresh(DefaultLifecycleProcessor.java:310)
	at org.springframework.context.support.AbstractApplicationContext.finishRefresh(AbstractApplicationContext.java:1006)
	at org.springframework.context.support.AbstractApplicationContext.refresh(AbstractApplicationContext.java:630)
	at org.springframework.boot.web.reactive.context.ReactiveWebServerApplicationContext.refresh(ReactiveWebServerApplicationContext.java:66)
	at org.springframework.boot.SpringApplication.refresh(SpringApplication.java:752)
	at org.springframework.boot.SpringApplication.refreshContext(SpringApplication.java:439)
	at org.springframework.boot.SpringApplication.run(SpringApplication.java:318)
	at org.springframework.boot.SpringApplication.run(SpringApplication.java:1361)
	at org.springframework.boot.SpringApplication.run(SpringApplication.java:1350)
	at org.labcabrera.sample.loki.LokiIntegrationApplication.main(LokiIntegrationApplication.java:10)
2025-10-23 19:50:52.785 [main] INFO  i.a.a.c.query.impl.QueryChannelImpl - QueryChannel for context 'default' connected, 0 registrations resubscribed
2025-10-23 19:50:52.788 [main] INFO  i.a.a.c.query.impl.QueryChannelImpl - Registered handler for query 'org.labcabrera.sample.loki.domain.player.query.GetPlayerQuery : org.labcabrera.sample.loki.domain.player.query.PlayerView' in context 'default'
2025-10-23 19:50:52.794 [EventProcessor[org.labcabrera.sample.loki.application]-0] WARN  o.a.e.TrackingEventProcessor - Fetch Segments for Processor 'org.labcabrera.sample.loki.application' failed: io.grpc.StatusRuntimeException: UNAVAILABLE. Preparing for retry in 1s
org.axonframework.eventsourcing.eventstore.EventStoreException: io.grpc.StatusRuntimeException: UNAVAILABLE
	at org.axonframework.axonserver.connector.event.axon.AxonServerEventStore$AxonIQEventStorageEngine.createTailToken(AxonServerEventStore.java:606)
	at org.axonframework.eventsourcing.eventstore.AbstractEventStore.createTailToken(AbstractEventStore.java:171)
	at org.axonframework.eventhandling.TrackingEventProcessor$WorkerLauncher.lambda$run$1(TrackingEventProcessor.java:1218)
	at org.axonframework.common.transaction.TransactionManager.executeInTransaction(TransactionManager.java:47)
	at org.axonframework.eventhandling.TrackingEventProcessor$WorkerLauncher.run(TrackingEventProcessor.java:1216)
	at java.base/java.lang.Thread.run(Thread.java:1583)
Caused by: java.util.concurrent.ExecutionException: io.grpc.StatusRuntimeException: UNAVAILABLE
	at java.base/java.util.concurrent.CompletableFuture.reportGet(CompletableFuture.java:396)
	at java.base/java.util.concurrent.CompletableFuture.get(CompletableFuture.java:2096)
	at org.axonframework.axonserver.connector.event.axon.AxonServerEventStore$AxonIQEventStorageEngine.createTailToken(AxonServerEventStore.java:600)
	... 5 common frames omitted
Caused by: io.grpc.StatusRuntimeException: UNAVAILABLE
	at io.grpc.Status.asRuntimeException(Status.java:539)
	at io.grpc.stub.ClientCalls$StreamObserverToCallListenerAdapter.onClose(ClientCalls.java:487)
	at io.axoniq.axonserver.connector.impl.AxonServerManagedChannel$FailingCall.start(AxonServerManagedChannel.java:413)
	at io.grpc.stub.ClientCalls.startCall(ClientCalls.java:341)
	at io.grpc.stub.ClientCalls.asyncUnaryRequestCall(ClientCalls.java:315)
	at io.grpc.stub.ClientCalls.asyncUnaryRequestCall(ClientCalls.java:303)
	at io.grpc.stub.ClientCalls.asyncUnaryCall(ClientCalls.java:76)
	at io.axoniq.axonserver.grpc.event.EventStoreGrpc$EventStoreStub.getFirstToken(EventStoreGrpc.java:670)
	at io.axoniq.axonserver.connector.event.impl.EventChannelImpl.getFirstToken(EventChannelImpl.java:256)
	at org.axonframework.axonserver.connector.event.axon.AxonServerEventStore$AxonIQEventStorageEngine.createTailToken(AxonServerEventStore.java:599)
	... 5 common frames omitted
2025-10-23 19:50:52.796 [main] INFO  o.l.s.l.LokiIntegrationApplication - Started LokiIntegrationApplication in 1.4 seconds (process running for 1.524)
2025-10-23 19:50:53.794 [EventProcessor[org.labcabrera.sample.loki.application]-0] INFO  o.a.e.TrackingEventProcessor - Fetching Segments for Processor 'org.labcabrera.sample.loki.application' still failing: io.grpc.StatusRuntimeException: UNAVAILABLE. Preparing for retry in 2s
2025-10-23 19:50:54.760 [axon-connector-63179@lbc-lenovo-1] INFO  i.a.a.c.i.AxonServerManagedChannel - Requesting connection details from localhost:8124
2025-10-23 19:50:54.764 [axon-connector-63179@lbc-lenovo-1] WARN  i.a.a.c.i.AxonServerManagedChannel - Connecting to AxonServer node [localhost:8124] failed: UNAVAILABLE: io exception
2025-10-23 19:50:54.764 [axon-connector-63179@lbc-lenovo-1] INFO  i.a.a.c.i.AxonServerManagedChannel - Failed to get connection to AxonServer. Scheduling a reconnect in 2000ms
2025-10-23 19:50:55.795 [EventProcessor[org.labcabrera.sample.loki.application]-0] INFO  o.a.e.TrackingEventProcessor - Fetching Segments for Processor 'org.labcabrera.sample.loki.application' still failing: io.grpc.StatusRuntimeException: UNAVAILABLE. Preparing for retry in 4s
2025-10-23 19:50:56.766 [axon-connector-63179@lbc-lenovo-1] INFO  i.a.a.c.i.AxonServerManagedChannel - Requesting connection details from localhost:8124
2025-10-23 19:50:56.773 [axon-connector-63179@lbc-lenovo-1] WARN  i.a.a.c.i.AxonServerManagedChannel - Connecting to AxonServer node [localhost:8124] failed: UNAVAILABLE: io exception
2025-10-23 19:50:56.773 [axon-connector-63179@lbc-lenovo-1] INFO  i.a.a.c.i.AxonServerManagedChannel - Failed to get connection to AxonServer. Scheduling a reconnect in 2000ms
2025-10-23 19:50:58.776 [axon-connector-63179@lbc-lenovo-1] INFO  i.a.a.c.i.AxonServerManagedChannel - Requesting connection details from localhost:8124
2025-10-23 19:50:58.784 [axon-connector-63179@lbc-lenovo-1] WARN  i.a.a.c.i.AxonServerManagedChannel - Connecting to AxonServer node [localhost:8124] failed: UNAVAILABLE: io exception
2025-10-23 19:50:58.784 [axon-connector-63179@lbc-lenovo-1] INFO  i.a.a.c.i.AxonServerManagedChannel - Failed to get connection to AxonServer. Scheduling a reconnect in 2000ms
2025-10-23 19:50:59.797 [EventProcessor[org.labcabrera.sample.loki.application]-0] INFO  o.a.e.TrackingEventProcessor - Fetching Segments for Processor 'org.labcabrera.sample.loki.application' still failing: io.grpc.StatusRuntimeException: UNAVAILABLE. Preparing for retry in 8s
2025-10-23 19:51:00.788 [axon-connector-63179@lbc-lenovo-1] INFO  i.a.a.c.i.AxonServerManagedChannel - Requesting connection details from localhost:8124
2025-10-23 19:51:00.796 [axon-connector-63179@lbc-lenovo-1] WARN  i.a.a.c.i.AxonServerManagedChannel - Connecting to AxonServer node [localhost:8124] failed: UNAVAILABLE: io exception
2025-10-23 19:51:00.796 [axon-connector-63179@lbc-lenovo-1] INFO  i.a.a.c.i.AxonServerManagedChannel - Failed to get connection to AxonServer. Scheduling a reconnect in 2000ms
2025-10-23 19:51:01.955 [reactor-http-epoll-2] ERROR o.s.b.a.w.r.e.AbstractErrorWebExceptionHandler - [4496380b-1]  500 Server Error for HTTP POST "/api/players"
java.util.concurrent.CompletionException: io.axoniq.axonserver.connector.AxonServerException: [AXONIQ-4003] Received exception while dispatching command
	at java.base/java.util.concurrent.CompletableFuture.encodeThrowable(CompletableFuture.java:332)
	Suppressed: reactor.core.publisher.FluxOnAssembly$OnAssemblyException: 
Error has been observed at the following site(s):
	*__checkpoint ⇢ HTTP POST "/api/players" [ExceptionHandlingWebHandler]
Original Stack Trace:
		at java.base/java.util.concurrent.CompletableFuture.encodeThrowable(CompletableFuture.java:332)
		at java.base/java.util.concurrent.CompletableFuture.uniApplyNow(CompletableFuture.java:674)
		at java.base/java.util.concurrent.CompletableFuture.uniApplyStage(CompletableFuture.java:662)
		at java.base/java.util.concurrent.CompletableFuture.thenApply(CompletableFuture.java:2200)
		at org.axonframework.axonserver.connector.command.AxonServerCommandBus.doDispatch(AxonServerCommandBus.java:181)
		at org.axonframework.axonserver.connector.command.AxonServerCommandBus.dispatch(AxonServerCommandBus.java:162)
		at org.axonframework.commandhandling.gateway.AbstractCommandGateway.send(AbstractCommandGateway.java:76)
		at org.axonframework.commandhandling.gateway.DefaultCommandGateway.send(DefaultCommandGateway.java:83)
		at org.axonframework.commandhandling.gateway.DefaultCommandGateway.sendAndWait(DefaultCommandGateway.java:100)
		at org.labcabrera.sample.loki.application.PlayerService.createPlayer(PlayerService.java:17)
		at org.labcabrera.sample.loki.interfaces.http.PlayerController.create(PlayerController.java:26)
		at java.base/jdk.internal.reflect.DirectMethodHandleAccessor.invoke(DirectMethodHandleAccessor.java:103)
		at java.base/java.lang.reflect.Method.invoke(Method.java:580)
		at org.springframework.web.reactive.result.method.InvocableHandlerMethod.lambda$invoke$0(InvocableHandlerMethod.java:208)
		at reactor.core.publisher.MonoFlatMap$FlatMapMain.onNext(MonoFlatMap.java:132)
		at reactor.core.publisher.MonoZip$ZipCoordinator.signal(MonoZip.java:297)
		at reactor.core.publisher.MonoZip$ZipInner.onNext(MonoZip.java:478)
		at reactor.core.publisher.MonoPeekTerminal$MonoTerminalPeekSubscriber.onNext(MonoPeekTerminal.java:180)
		at reactor.core.publisher.FluxDefaultIfEmpty$DefaultIfEmptySubscriber.onNext(FluxDefaultIfEmpty.java:122)
		at reactor.core.publisher.FluxSwitchIfEmpty$SwitchIfEmptySubscriber.onNext(FluxSwitchIfEmpty.java:74)
		at reactor.core.publisher.FluxOnErrorResume$ResumeSubscriber.onNext(FluxOnErrorResume.java:79)
		at reactor.core.publisher.MonoFlatMap$FlatMapMain.onNext(MonoFlatMap.java:158)
		at reactor.core.publisher.FluxContextWrite$ContextWriteSubscriber.onNext(FluxContextWrite.java:107)
		at reactor.core.publisher.FluxMapFuseable$MapFuseableConditionalSubscriber.onNext(FluxMapFuseable.java:299)
		at reactor.core.publisher.FluxFilterFuseable$FilterFuseableConditionalSubscriber.onNext(FluxFilterFuseable.java:337)
		at reactor.core.publisher.Operators$BaseFluxToMonoOperator.completePossiblyEmpty(Operators.java:2096)
		at reactor.core.publisher.MonoCollect$CollectSubscriber.onComplete(MonoCollect.java:145)
		at reactor.core.publisher.FluxMap$MapSubscriber.onComplete(FluxMap.java:144)
		at reactor.core.publisher.FluxPeek$PeekSubscriber.onComplete(FluxPeek.java:260)
		at reactor.core.publisher.FluxMap$MapSubscriber.onComplete(FluxMap.java:144)
		at reactor.netty.channel.FluxReceive.onInboundComplete(FluxReceive.java:413)
		at reactor.netty.channel.ChannelOperations.onInboundComplete(ChannelOperations.java:455)
		at reactor.netty.http.server.HttpServerOperations.handleLastHttpContent(HttpServerOperations.java:903)
		at reactor.netty.http.server.HttpServerOperations.onInboundNext(HttpServerOperations.java:812)
		at reactor.netty.channel.ChannelOperationsHandler.channelRead(ChannelOperationsHandler.java:115)
		at io.netty.channel.AbstractChannelHandlerContext.invokeChannelRead(AbstractChannelHandlerContext.java:444)
		at io.netty.channel.AbstractChannelHandlerContext.invokeChannelRead(AbstractChannelHandlerContext.java:420)
		at io.netty.channel.AbstractChannelHandlerContext.fireChannelRead(AbstractChannelHandlerContext.java:412)
		at reactor.netty.http.server.HttpTrafficHandler.channelRead(HttpTrafficHandler.java:321)
		at io.netty.channel.AbstractChannelHandlerContext.invokeChannelRead(AbstractChannelHandlerContext.java:442)
		at io.netty.channel.AbstractChannelHandlerContext.invokeChannelRead(AbstractChannelHandlerContext.java:420)
		at io.netty.channel.AbstractChannelHandlerContext.fireChannelRead(AbstractChannelHandlerContext.java:412)
		at io.netty.channel.CombinedChannelDuplexHandler$DelegatingChannelHandlerContext.fireChannelRead(CombinedChannelDuplexHandler.java:436)
		at io.netty.handler.codec.ByteToMessageDecoder.fireChannelRead(ByteToMessageDecoder.java:346)
		at io.netty.handler.codec.ByteToMessageDecoder.channelRead(ByteToMessageDecoder.java:318)
		at io.netty.channel.CombinedChannelDuplexHandler.channelRead(CombinedChannelDuplexHandler.java:251)
		at io.netty.channel.AbstractChannelHandlerContext.invokeChannelRead(AbstractChannelHandlerContext.java:442)
		at io.netty.channel.AbstractChannelHandlerContext.invokeChannelRead(AbstractChannelHandlerContext.java:420)
		at io.netty.channel.AbstractChannelHandlerContext.fireChannelRead(AbstractChannelHandlerContext.java:412)
		at io.netty.channel.DefaultChannelPipeline$HeadContext.channelRead(DefaultChannelPipeline.java:1357)
		at io.netty.channel.AbstractChannelHandlerContext.invokeChannelRead(AbstractChannelHandlerContext.java:440)
		at io.netty.channel.AbstractChannelHandlerContext.invokeChannelRead(AbstractChannelHandlerContext.java:420)
		at io.netty.channel.DefaultChannelPipeline.fireChannelRead(DefaultChannelPipeline.java:868)
		at io.netty.channel.epoll.AbstractEpollStreamChannel$EpollStreamUnsafe.epollInReady(AbstractEpollStreamChannel.java:799)
		at io.netty.channel.epoll.EpollEventLoop.processReady(EpollEventLoop.java:501)
		at io.netty.channel.epoll.EpollEventLoop.run(EpollEventLoop.java:399)
		at io.netty.util.concurrent.SingleThreadEventExecutor$4.run(SingleThreadEventExecutor.java:998)
		at io.netty.util.internal.ThreadExecutorMap$2.run(ThreadExecutorMap.java:74)
		at io.netty.util.concurrent.FastThreadLocalRunnable.run(FastThreadLocalRunnable.java:30)
		at java.base/java.lang.Thread.run(Thread.java:1583)
Caused by: io.axoniq.axonserver.connector.AxonServerException: [AXONIQ-4003] Received exception while dispatching command
	at io.axoniq.axonserver.connector.command.impl.CommandChannelImpl$CommandResponseHandler.onError(CommandChannelImpl.java:394)
	at io.grpc.stub.ClientCalls$StreamObserverToCallListenerAdapter.onClose(ClientCalls.java:487)
	at io.axoniq.axonserver.connector.impl.AxonServerManagedChannel$FailingCall.start(AxonServerManagedChannel.java:413)
	at io.grpc.stub.ClientCalls.startCall(ClientCalls.java:341)
	at io.grpc.stub.ClientCalls.asyncUnaryRequestCall(ClientCalls.java:315)
	at io.grpc.stub.ClientCalls.asyncUnaryRequestCall(ClientCalls.java:303)
	at io.grpc.stub.ClientCalls.asyncUnaryCall(ClientCalls.java:76)
	at io.axoniq.axonserver.grpc.command.CommandServiceGrpc$CommandServiceStub.dispatch(CommandServiceGrpc.java:206)
	at io.axoniq.axonserver.connector.command.impl.CommandChannelImpl.sendCommand(CommandChannelImpl.java:341)
	at org.axonframework.axonserver.connector.command.AxonServerCommandBus.doDispatch(AxonServerCommandBus.java:179)
	at org.axonframework.axonserver.connector.command.AxonServerCommandBus.dispatch(AxonServerCommandBus.java:162)
	at org.axonframework.commandhandling.gateway.AbstractCommandGateway.send(AbstractCommandGateway.java:76)
	at org.axonframework.commandhandling.gateway.DefaultCommandGateway.send(DefaultCommandGateway.java:83)
	at org.axonframework.commandhandling.gateway.DefaultCommandGateway.sendAndWait(DefaultCommandGateway.java:100)
	at org.labcabrera.sample.loki.application.PlayerService.createPlayer(PlayerService.java:17)
	at org.labcabrera.sample.loki.interfaces.http.PlayerController.create(PlayerController.java:26)
	at java.base/jdk.internal.reflect.DirectMethodHandleAccessor.invoke(DirectMethodHandleAccessor.java:103)
	at java.base/java.lang.reflect.Method.invoke(Method.java:580)
	at org.springframework.web.reactive.result.method.InvocableHandlerMethod.lambda$invoke$0(InvocableHandlerMethod.java:208)
	at reactor.core.publisher.MonoFlatMap$FlatMapMain.onNext(MonoFlatMap.java:132)
	at reactor.core.publisher.MonoZip$ZipCoordinator.signal(MonoZip.java:297)
	at reactor.core.publisher.MonoZip$ZipInner.onNext(MonoZip.java:478)
	at reactor.core.publisher.MonoPeekTerminal$MonoTerminalPeekSubscriber.onNext(MonoPeekTerminal.java:180)
	at reactor.core.publisher.FluxDefaultIfEmpty$DefaultIfEmptySubscriber.onNext(FluxDefaultIfEmpty.java:122)
	at reactor.core.publisher.FluxSwitchIfEmpty$SwitchIfEmptySubscriber.onNext(FluxSwitchIfEmpty.java:74)
	at reactor.core.publisher.FluxOnErrorResume$ResumeSubscriber.onNext(FluxOnErrorResume.java:79)
	at reactor.core.publisher.MonoFlatMap$FlatMapMain.onNext(MonoFlatMap.java:158)
	at reactor.core.publisher.FluxContextWrite$ContextWriteSubscriber.onNext(FluxContextWrite.java:107)
	at reactor.core.publisher.FluxMapFuseable$MapFuseableConditionalSubscriber.onNext(FluxMapFuseable.java:299)
	at reactor.core.publisher.FluxFilterFuseable$FilterFuseableConditionalSubscriber.onNext(FluxFilterFuseable.java:337)
	at reactor.core.publisher.Operators$BaseFluxToMonoOperator.completePossiblyEmpty(Operators.java:2096)
	at reactor.core.publisher.MonoCollect$CollectSubscriber.onComplete(MonoCollect.java:145)
	at reactor.core.publisher.FluxMap$MapSubscriber.onComplete(FluxMap.java:144)
	at reactor.core.publisher.FluxPeek$PeekSubscriber.onComplete(FluxPeek.java:260)
	at reactor.core.publisher.FluxMap$MapSubscriber.onComplete(FluxMap.java:144)
	at reactor.netty.channel.FluxReceive.onInboundComplete(FluxReceive.java:413)
	at reactor.netty.channel.ChannelOperations.onInboundComplete(ChannelOperations.java:455)
	at reactor.netty.http.server.HttpServerOperations.handleLastHttpContent(HttpServerOperations.java:903)
	at reactor.netty.http.server.HttpServerOperations.onInboundNext(HttpServerOperations.java:812)
	at reactor.netty.channel.ChannelOperationsHandler.channelRead(ChannelOperationsHandler.java:115)
	at io.netty.channel.AbstractChannelHandlerContext.invokeChannelRead(AbstractChannelHandlerContext.java:444)
	at io.netty.channel.AbstractChannelHandlerContext.invokeChannelRead(AbstractChannelHandlerContext.java:420)
	at io.netty.channel.AbstractChannelHandlerContext.fireChannelRead(AbstractChannelHandlerContext.java:412)
	at reactor.netty.http.server.HttpTrafficHandler.channelRead(HttpTrafficHandler.java:321)
	at io.netty.channel.AbstractChannelHandlerContext.invokeChannelRead(AbstractChannelHandlerContext.java:442)
	at io.netty.channel.AbstractChannelHandlerContext.invokeChannelRead(AbstractChannelHandlerContext.java:420)
	at io.netty.channel.AbstractChannelHandlerContext.fireChannelRead(AbstractChannelHandlerContext.java:412)
	at io.netty.channel.CombinedChannelDuplexHandler$DelegatingChannelHandlerContext.fireChannelRead(CombinedChannelDuplexHandler.java:436)
	at io.netty.handler.codec.ByteToMessageDecoder.fireChannelRead(ByteToMessageDecoder.java:346)
	at io.netty.handler.codec.ByteToMessageDecoder.channelRead(ByteToMessageDecoder.java:318)
	at io.netty.channel.CombinedChannelDuplexHandler.channelRead(CombinedChannelDuplexHandler.java:251)
	at io.netty.channel.AbstractChannelHandlerContext.invokeChannelRead(AbstractChannelHandlerContext.java:442)
	at io.netty.channel.AbstractChannelHandlerContext.invokeChannelRead(AbstractChannelHandlerContext.java:420)
	at io.netty.channel.AbstractChannelHandlerContext.fireChannelRead(AbstractChannelHandlerContext.java:412)
	at io.netty.channel.DefaultChannelPipeline$HeadContext.channelRead(DefaultChannelPipeline.java:1357)
	at io.netty.channel.AbstractChannelHandlerContext.invokeChannelRead(AbstractChannelHandlerContext.java:440)
	at io.netty.channel.AbstractChannelHandlerContext.invokeChannelRead(AbstractChannelHandlerContext.java:420)
	at io.netty.channel.DefaultChannelPipeline.fireChannelRead(DefaultChannelPipeline.java:868)
	at io.netty.channel.epoll.AbstractEpollStreamChannel$EpollStreamUnsafe.epollInReady(AbstractEpollStreamChannel.java:799)
	at io.netty.channel.epoll.EpollEventLoop.processReady(EpollEventLoop.java:501)
	at io.netty.channel.epoll.EpollEventLoop.run(EpollEventLoop.java:399)
	at io.netty.util.concurrent.SingleThreadEventExecutor$4.run(SingleThreadEventExecutor.java:998)
	at io.netty.util.internal.ThreadExecutorMap$2.run(ThreadExecutorMap.java:74)
	at io.netty.util.concurrent.FastThreadLocalRunnable.run(FastThreadLocalRunnable.java:30)
	at java.base/java.lang.Thread.run(Thread.java:1583)
Caused by: io.grpc.StatusRuntimeException: UNAVAILABLE
	at io.grpc.Status.asRuntimeException(Status.java:539)
	... 64 common frames omitted
2025-10-23 19:51:02.800 [axon-connector-63179@lbc-lenovo-0] INFO  i.a.a.c.i.AxonServerManagedChannel - Requesting connection details from localhost:8124
2025-10-23 19:51:02.805 [axon-connector-63179@lbc-lenovo-0] WARN  i.a.a.c.i.AxonServerManagedChannel - Connecting to AxonServer node [localhost:8124] failed: UNAVAILABLE: io exception
2025-10-23 19:51:02.805 [axon-connector-63179@lbc-lenovo-0] INFO  i.a.a.c.i.AxonServerManagedChannel - Failed to get connection to AxonServer. Scheduling a reconnect in 2000ms
2025-10-23 19:51:04.808 [axon-connector-63179@lbc-lenovo-0] INFO  i.a.a.c.i.AxonServerManagedChannel - Requesting connection details from localhost:8124
2025-10-23 19:51:04.815 [axon-connector-63179@lbc-lenovo-0] WARN  i.a.a.c.i.AxonServerManagedChannel - Connecting to AxonServer node [localhost:8124] failed: UNAVAILABLE: io exception
2025-10-23 19:51:04.815 [axon-connector-63179@lbc-lenovo-0] INFO  i.a.a.c.i.AxonServerManagedChannel - Failed to get connection to AxonServer. Scheduling a reconnect in 2000ms
2025-10-23 19:51:06.818 [axon-connector-63179@lbc-lenovo-1] INFO  i.a.a.c.i.AxonServerManagedChannel - Requesting connection details from localhost:8124
2025-10-23 19:51:06.823 [axon-connector-63179@lbc-lenovo-1] WARN  i.a.a.c.i.AxonServerManagedChannel - Connecting to AxonServer node [localhost:8124] failed: UNAVAILABLE: io exception
2025-10-23 19:51:06.823 [axon-connector-63179@lbc-lenovo-1] INFO  i.a.a.c.i.AxonServerManagedChannel - Failed to get connection to AxonServer. Scheduling a reconnect in 2000ms
2025-10-23 19:51:07.797 [EventProcessor[org.labcabrera.sample.loki.application]-0] INFO  o.a.e.TrackingEventProcessor - Fetching Segments for Processor 'org.labcabrera.sample.loki.application' still failing: io.grpc.StatusRuntimeException: UNAVAILABLE. Preparing for retry in 16s
2025-10-23 19:51:08.826 [axon-connector-63179@lbc-lenovo-0] INFO  i.a.a.c.i.AxonServerManagedChannel - Requesting connection details from localhost:8124
2025-10-23 19:51:08.833 [axon-connector-63179@lbc-lenovo-0] WARN  i.a.a.c.i.AxonServerManagedChannel - Connecting to AxonServer node [localhost:8124] failed: UNAVAILABLE: io exception
2025-10-23 19:51:08.833 [axon-connector-63179@lbc-lenovo-0] INFO  i.a.a.c.i.AxonServerManagedChannel - Failed to get connection to AxonServer. Scheduling a reconnect in 2000ms
2025-10-23 19:51:10.836 [axon-connector-63179@lbc-lenovo-1] INFO  i.a.a.c.i.AxonServerManagedChannel - Requesting connection details from localhost:8124
2025-10-23 19:51:10.842 [axon-connector-63179@lbc-lenovo-1] WARN  i.a.a.c.i.AxonServerManagedChannel - Connecting to AxonServer node [localhost:8124] failed: UNAVAILABLE: io exception
2025-10-23 19:51:10.842 [axon-connector-63179@lbc-lenovo-1] INFO  i.a.a.c.i.AxonServerManagedChannel - Failed to get connection to AxonServer. Scheduling a reconnect in 2000ms
2025-10-23 19:51:12.845 [axon-connector-63179@lbc-lenovo-0] INFO  i.a.a.c.i.AxonServerManagedChannel - Requesting connection details from localhost:8124
2025-10-23 19:51:12.852 [axon-connector-63179@lbc-lenovo-0] WARN  i.a.a.c.i.AxonServerManagedChannel - Connecting to AxonServer node [localhost:8124] failed: UNAVAILABLE: io exception
2025-10-23 19:51:12.852 [axon-connector-63179@lbc-lenovo-0] INFO  i.a.a.c.i.AxonServerManagedChannel - Failed to get connection to AxonServer. Scheduling a reconnect in 2000ms
2025-10-23 19:51:14.854 [axon-connector-63179@lbc-lenovo-1] INFO  i.a.a.c.i.AxonServerManagedChannel - Requesting connection details from localhost:8124
2025-10-23 19:51:14.859 [axon-connector-63179@lbc-lenovo-1] WARN  i.a.a.c.i.AxonServerManagedChannel - Connecting to AxonServer node [localhost:8124] failed: UNAVAILABLE: io exception
2025-10-23 19:51:14.859 [axon-connector-63179@lbc-lenovo-1] INFO  i.a.a.c.i.AxonServerManagedChannel - Failed to get connection to AxonServer. Scheduling a reconnect in 2000ms
